exports[`Facebook App Invite Button renders correctly 1`] = `
<View
  style={
    Object {
      "alignItems": "center",
      "flex": -1,
      "justifyContent": "center",
      "marginTop": 15,
    }
  }>
  <View
    accessibilityComponentType={undefined}
    accessibilityLabel={undefined}
    accessibilityTraits={undefined}
    accessible={true}
    hasTVPreferredFocus={undefined}
    hitSlop={undefined}
    isTVSelectable={true}
    onLayout={undefined}
    onResponderGrant={[Function]}
    onResponderMove={[Function]}
    onResponderRelease={[Function]}
    onResponderTerminate={[Function]}
    onResponderTerminationRequest={[Function]}
    onStartShouldSetResponder={[Function]}
    style={
      Array [
        Object {
          "backgroundColor": "transparent",
        },
        Array [
          Object {
            "overflow": "hidden",
          },
          Object {
            "backgroundColor": "#3b5988",
            "borderRadius": 5,
          },
        ],
      ]
    }
    testID={undefined}
    tvParallaxProperties={undefined}>
    <View
      style={
        Array [
          Object {
            "alignItems": "center",
            "flexDirection": "row",
            "justifyContent": "flex-start",
            "padding": 8,
          },
          Object {
            "backgroundColor": "#3b5988",
            "borderRadius": 5,
          },
          undefined,
        ]
      }>
      <Text
        accessible={true}
        allowFontScaling={false}
        ellipsizeMode="tail"
        onPress={[Function]}
        style={
          Array [
            Object {
              "color": "white",
              "fontSize": 20,
            },
            Object {
              "marginRight": 10,
            },
            Object {
              "fontFamily": "Ionicons",
              "fontStyle": "normal",
              "fontWeight": "normal",
            },
          ]
        }>
        ïˆ¶
      </Text>
      <Text
        accessible={true}
        allowFontScaling={true}
        ellipsizeMode="tail"
        style={
          Array [
            Object {
              "backgroundColor": "transparent",
              "fontWeight": "600",
            },
            Object {
              "color": "white",
            },
          ]
        }>
        Invite Friends
      </Text>
    </View>
  </View>
</View>
`;
