exports[`Facebook Login Button renders correctly 1`] = `
<View
  accessibilityComponentType={undefined}
  accessibilityLabel={undefined}
  accessibilityTraits={undefined}
  accessible={true}
  hitSlop={undefined}
  onLayout={undefined}
  onResponderGrant={[Function]}
  onResponderMove={[Function]}
  onResponderRelease={[Function]}
  onResponderTerminate={[Function]}
  onResponderTerminationRequest={[Function]}
  onStartShouldSetResponder={[Function]}
  style={
    Array [
      Object {
        "backgroundColor": "transparent",
      },
      Array [
        Object {
          "overflow": "hidden",
        },
        Object {
          "backgroundColor": "#3b5998",
          "borderRadius": 5,
        },
      ],
    ]
  }
  testID={undefined}>
  <View
    style={
      Array [
        Object {
          "alignItems": "center",
          "flexDirection": "row",
          "justifyContent": "flex-start",
          "padding": 8,
        },
        Object {
          "backgroundColor": "#3b5998",
          "borderRadius": 5,
        },
        Object {
          "paddingHorizontal": 15,
          "paddingVertical": 5,
        },
      ]
    }>
    <Text
      accessible={true}
      allowFontScaling={false}
      ellipsizeMode="tail"
      onPress={[Function]}
      style={
        Array [
          Object {
            "color": "white",
            "fontSize": 24,
          },
          Object {
            "marginRight": 10,
          },
          Object {
            "fontFamily": "FontAwesome",
            "fontStyle": "normal",
            "fontWeight": "normal",
          },
        ]
      }>
      ï‚š
    </Text>
    <Text
      accessible={true}
      allowFontScaling={true}
      ellipsizeMode="tail"
      style={
        Object {
          "backgroundColor": "transparent",
          "color": "#ffffff",
          "fontSize": 16,
          "fontWeight": "600",
        }
      }>
      Login with Facebook
    </Text>
  </View>
</View>
`;
