exports[`test renders correctly 1`] = `
<View
  style={
    Object {
      "flex": 1,
    }
  }>
  <View
    style={
      Object {
        "backgroundColor": "#ffffff",
        "flex": 1,
      }
    }>
    <ScrollView
      contentInset={
        Object {
          "bottom": 0,
        }
      }
      enableAutoAutomaticScroll={true}
      extraHeight={75}
      extraScrollHeight={0}
      keyboardDismissMode="interactive"
      onScroll={[Function]}
      scrollEventThrottle={8}
      showsVerticalScrollIndicator={true}
      style={
        Object {
          "flex": 1,
          "height": 1197,
          "left": 0,
          "top": 85,
          "width": 750,
        }
      }>
      <View
        style={
          Array [
            Object {
              "flex": 1,
              "paddingBottom": 5,
              "paddingHorizontal": 20,
              "paddingTop": 15,
            },
          ]
        }>
        <View
          style={
            Object {
              "flex": 1,
            }
          }>
          <View
            style={
              Object {
                "borderBottomWidth": 1,
                "borderColor": "#dddddd",
                "flex": -1,
                "flexDirection": "row",
                "marginBottom": 15,
                "paddingBottom": 10,
              }
            }>
            <View
              style={
                Object {
                  "alignItems": "flex-start",
                  "flex": -1,
                  "justifyContent": "center",
                }
              }>
              <Text
                accessible={true}
                allowFontScaling={true}
                ellipsizeMode="tail"
                style={
                  Object {
                    "fontSize": 20,
                    "fontWeight": "bold",
                  }
                }>
                Receipent:
              </Text>
            </View>
            <View
              style={
                Object {
                  "alignItems": "center",
                  "flex": 1,
                  "flexDirection": "row",
                  "justifyContent": "flex-end",
                }
              }>
              <Image
                source={
                  Object {
                    "uri": undefined,
                  }
                }
                style={
                  Object {
                    "height": 40,
                    "marginRight": 10,
                    "width": 40,
                  }
                } />
              <Text
                accessible={true}
                allowFontScaling={true}
                ellipsizeMode="tail"
                style={
                  Object {
                    "fontSize": 20,
                  }
                }>
                Testy McTest
              </Text>
            </View>
          </View>
        </View>
        <View
          style={
            Object {
              "flex": 1,
            }
          }>
          <View
            accessibilityComponentType={undefined}
            accessibilityLabel={undefined}
            accessibilityTraits={undefined}
            accessible={true}
            hitSlop={undefined}
            onLayout={undefined}
            onResponderGrant={[Function]}
            onResponderMove={[Function]}
            onResponderRelease={[Function]}
            onResponderTerminate={[Function]}
            onResponderTerminationRequest={[Function]}
            onStartShouldSetResponder={[Function]}
            style={
              Array [
                Object {
                  "backgroundColor": "transparent",
                },
                Object {
                  "borderBottomWidth": 1,
                  "borderColor": "#dddddd",
                  "flex": -1,
                  "flexDirection": "row",
                  "marginBottom": 15,
                  "paddingBottom": 10,
                },
              ]
            }
            testID={undefined}>
            <View
              style={
                Object {
                  "flex": 1,
                  "flexDirection": "row",
                }
              }>
              <View
                style={
                  Array [
                    Object {
                      "alignItems": "flex-start",
                      "flex": -1,
                      "justifyContent": "center",
                    },
                    Object {
                      "flexDirection": "row",
                    },
                  ]
                }>
                <Text
                  accessible={true}
                  allowFontScaling={false}
                  ellipsizeMode="tail"
                  style={
                    Array [
                      Object {
                        "color": "#999",
                        "fontSize": 25,
                      },
                      Object {
                        "flex": -1,
                        "height": 28,
                        "width": 28,
                      },
                      Object {
                        "fontFamily": "FontAwesome",
                        "fontStyle": "normal",
                        "fontWeight": "normal",
                      },
                    ]
                  }>
                  
                </Text>
                <Text
                  accessible={true}
                  allowFontScaling={true}
                  ellipsizeMode="tail"
                  style={
                    Object {
                      "fontSize": 20,
                      "fontWeight": "bold",
                    }
                  }>
                  One
                </Text>
              </View>
              <View
                style={
                  Object {
                    "alignItems": "center",
                    "flex": 1,
                    "flexDirection": "row",
                    "justifyContent": "flex-end",
                  }
                }>
                <Text
                  accessible={true}
                  allowFontScaling={true}
                  ellipsizeMode="tail"
                  style={
                    Object {
                      "fontSize": 20,
                    }
                  }>
                  $ 
                  7.50
                </Text>
              </View>
            </View>
          </View>
          <View
            style={
              Object {
                "borderBottomWidth": 1,
                "borderColor": "#dddddd",
                "flex": -1,
                "flexDirection": "row",
                "marginBottom": 15,
                "paddingBottom": 10,
              }
            }>
            <View
              style={
                Object {
                  "alignItems": "flex-start",
                  "flex": -1,
                  "justifyContent": "center",
                }
              }>
              <Text
                accessible={true}
                allowFontScaling={true}
                ellipsizeMode="tail"
                style={
                  Object {
                    "fontSize": 20,
                    "fontWeight": "bold",
                  }
                }>
                Promo Code:
              </Text>
            </View>
            <View
              style={
                Object {
                  "alignItems": "center",
                  "flex": 1,
                  "flexDirection": "row",
                  "justifyContent": "flex-end",
                }
              }>
              <TextInput
                maxLength={4}
                onChangeText={[Function]}
                placeholder="ABCD"
                placeholderTextColor="#cccccc"
                style={
                  Object {
                    "height": 40,
                    "textAlign": "center",
                    "width": 65,
                  }
                } />
            </View>
          </View>
          <View
            style={
              Array [
                Object {
                  "borderBottomWidth": 1,
                  "borderColor": "#dddddd",
                  "flex": -1,
                  "flexDirection": "row",
                  "marginBottom": 15,
                  "paddingBottom": 10,
                },
              ]
            }>
            <View
              accessibilityComponentType={undefined}
              accessibilityLabel={undefined}
              accessibilityTraits={undefined}
              accessible={true}
              hitSlop={undefined}
              onLayout={undefined}
              onResponderGrant={[Function]}
              onResponderMove={[Function]}
              onResponderRelease={[Function]}
              onResponderTerminate={[Function]}
              onResponderTerminationRequest={[Function]}
              onStartShouldSetResponder={[Function]}
              style={
                Array [
                  Object {
                    "backgroundColor": "transparent",
                  },
                  Object {
                    "flex": 1,
                    "flexDirection": "row",
                  },
                ]
              }
              testID={undefined}>
              <View
                style={
                  Object {
                    "flex": 1,
                    "flexDirection": "row",
                  }
                }>
                <View
                  style={
                    Array [
                      Object {
                        "alignItems": "flex-start",
                        "flex": -1,
                        "justifyContent": "center",
                      },
                      Object {
                        "flex": 2,
                      },
                    ]
                  }>
                  <Text
                    accessible={true}
                    allowFontScaling={true}
                    ellipsizeMode="tail"
                    style={
                      Array [
                        Object {
                          "fontSize": 20,
                          "fontWeight": "bold",
                        },
                        Object {
                          "fontWeight": "normal",
                        },
                      ]
                    }>
                    Add Credit Card
                  </Text>
                </View>
                <View
                  style={
                    Object {
                      "alignItems": "center",
                      "flex": 1,
                      "flexDirection": "row",
                      "justifyContent": "flex-end",
                    }
                  }>
                  <Text
                    accessible={true}
                    allowFontScaling={false}
                    ellipsizeMode="tail"
                    style={
                      Array [
                        Object {
                          "color": undefined,
                          "fontSize": 35,
                        },
                        undefined,
                        Object {
                          "fontFamily": "Ionicons",
                          "fontStyle": "normal",
                          "fontWeight": "normal",
                        },
                      ]
                    }>
                    
                  </Text>
                </View>
              </View>
            </View>
          </View>
        </View>
        <View
          style={
            Object {
              "flex": 1,
            }
          }>
          <View
            style={
              Object {
                "flex": -1,
                "flexDirection": "row",
                "paddingBottom": 10,
              }
            }>
            <Text
              accessible={true}
              allowFontScaling={true}
              ellipsizeMode="tail"
              style={
                Object {
                  "fontSize": 20,
                  "fontWeight": "bold",
                }
              }>
              Message:
            </Text>
            <Text
              accessible={true}
              allowFontScaling={true}
              ellipsizeMode="tail"
              style={
                Object {
                  "fontSize": 20,
                }
              }>
               (Optional)
            </Text>
          </View>
          <View
            style={
              Object {
                "borderBottomWidth": 1,
                "borderColor": "#dddddd",
                "flex": -1,
                "flexDirection": "row",
                "marginBottom": 15,
                "paddingBottom": 10,
              }
            }>
            <TextInput
              onChangeText={[Function]}
              placeholder="Happy Birthday! Have a cold one on me!"
              placeholderTextColor="#cccccc"
              style={
                Object {
                  "flex": 1,
                  "height": 45,
                }
              } />
          </View>
        </View>
        <View
          style={
            Object {
              "height": 72,
              "width": 750,
            }
          } />
      </View>
    </ScrollView>
  </View>
  <View
    style={
      Object {
        "backgroundColor": "#ffffff",
        "elevation": 15,
        "flex": -1,
        "shadowColor": "#333333",
        "shadowOpacity": 0.15,
        "shadowRadius": 2,
        "zIndex": 1,
      }
    }>
    <View
      style={
        Array [
          Object {
            "flex": 1,
            "paddingBottom": 5,
            "paddingHorizontal": 20,
            "paddingTop": 15,
          },
          Object {
            "flex": -1,
            "margin": 0,
            "paddingHorizontal": 10,
            "paddingVertical": 10,
          },
        ]
      }>
      <View
        style={
          Array [
            Object {
              "flex": -1,
              "flexDirection": "row",
              "paddingBottom": 10,
            },
            Object {
              "alignItems": "center",
              "height": 52,
              "justifyContent": "center",
              "paddingBottom": 0,
            },
          ]
        }>
        <View
          style={
            Array [
              Object {
                "alignItems": "flex-start",
                "flex": -1,
                "justifyContent": "center",
              },
            ]
          }>
          <View
            accessibilityLabel="Cancel Purchase Button"
            style={
              Object {
                "flex": -1,
                "flexDirection": "row-reverse",
              }
            }>
            <View
              accessibilityComponentType={undefined}
              accessibilityLabel={undefined}
              accessibilityTraits={undefined}
              accessible={true}
              hitSlop={undefined}
              onLayout={undefined}
              onResponderGrant={[Function]}
              onResponderMove={[Function]}
              onResponderRelease={[Function]}
              onResponderTerminate={[Function]}
              onResponderTerminationRequest={[Function]}
              onStartShouldSetResponder={[Function]}
              style={
                Array [
                  Object {
                    "backgroundColor": "transparent",
                  },
                  undefined,
                ]
              }
              testID={undefined}>
              <View
                style={
                  Array [
                    Object {
                      "alignItems": "center",
                      "backgroundColor": "#8B5E3C",
                      "borderColor": "#000000",
                      "borderRadius": 10,
                      "elevation": 5,
                      "flex": -1,
                      "flexDirection": "row",
                      "justifyContent": "center",
                      "margin": 15,
                      "padding": 15,
                      "shadowColor": "#333333",
                      "shadowOffset": Object {
                        "height": 1,
                        "width": 2,
                      },
                      "shadowOpacity": 0.5,
                      "shadowRadius": 0.95,
                    },
                    Object {
                      "margin": 0,
                    },
                    null,
                    null,
                    null,
                    Object {
                      "height": 52,
                    },
                  ]
                }>
                <Text
                  accessible={true}
                  allowFontScaling={false}
                  ellipsizeMode="tail"
                  style={
                    Array [
                      Object {
                        "color": undefined,
                        "fontSize": 12,
                      },
                      Array [
                        Object {
                          "backgroundColor": "rgba(0, 0, 0, 0)",
                          "color": "#ffffff",
                        },
                        Object {
                          "fontSize": 30,
                          "paddingTop": 2,
                        },
                        Object {
                          "paddingRight": 0,
                        },
                      ],
                      Object {
                        "fontFamily": "FontAwesome",
                        "fontStyle": "normal",
                        "fontWeight": "normal",
                      },
                    ]
                  }>
                  
                </Text>
              </View>
            </View>
          </View>
        </View>
        <View
          style={
            Object {
              "alignItems": "center",
              "flex": 1,
              "flexDirection": "row",
              "justifyContent": "flex-end",
            }
          }>
          <View
            accessibilityLabel="Purchase & Send Button"
            style={
              Object {
                "flex": -1,
                "flexDirection": "row-reverse",
              }
            }>
            <View
              accessibilityComponentType={undefined}
              accessibilityLabel={undefined}
              accessibilityTraits={undefined}
              accessible={true}
              hitSlop={undefined}
              onLayout={undefined}
              onResponderGrant={[Function]}
              onResponderMove={[Function]}
              onResponderRelease={[Function]}
              onResponderTerminate={[Function]}
              onResponderTerminationRequest={[Function]}
              onStartShouldSetResponder={[Function]}
              style={
                Array [
                  Object {
                    "backgroundColor": "transparent",
                  },
                  undefined,
                ]
              }
              testID={undefined}>
              <View
                style={
                  Array [
                    Object {
                      "alignItems": "center",
                      "backgroundColor": "#8B5E3C",
                      "borderColor": "#000000",
                      "borderRadius": 10,
                      "elevation": 5,
                      "flex": -1,
                      "flexDirection": "row",
                      "justifyContent": "center",
                      "margin": 15,
                      "padding": 15,
                      "shadowColor": "#333333",
                      "shadowOffset": Object {
                        "height": 1,
                        "width": 2,
                      },
                      "shadowOpacity": 0.5,
                      "shadowRadius": 0.95,
                    },
                    Object {
                      "margin": 0,
                    },
                    null,
                    null,
                    null,
                    Object {
                      "height": 52,
                    },
                  ]
                }>
                <Text
                  accessible={true}
                  allowFontScaling={false}
                  ellipsizeMode="tail"
                  style={
                    Array [
                      Object {
                        "color": undefined,
                        "fontSize": 12,
                      },
                      Array [
                        Object {
                          "backgroundColor": "rgba(0, 0, 0, 0)",
                          "color": "#ffffff",
                        },
                        Object {
                          "fontSize": 30,
                          "paddingTop": 2,
                        },
                        Object {
                          "paddingRight": 10,
                        },
                      ],
                      Object {
                        "fontFamily": "FontAwesome",
                        "fontStyle": "normal",
                        "fontWeight": "normal",
                      },
                    ]
                  }>
                  
                </Text>
                <Text
                  accessible={true}
                  allowFontScaling={true}
                  ellipsizeMode="tail"
                  numberOfLines={1}
                  style={
                    Array [
                      Object {
                        "backgroundColor": "rgba(0, 0, 0, 0)",
                        "color": "#ffffff",
                      },
                      Object {
                        "fontSize": 20,
                      },
                    ]
                  }>
                  Purchase & Send
                </Text>
              </View>
            </View>
          </View>
        </View>
      </View>
    </View>
  </View>
</View>
`;
